#-----------------------------------------------------------
# Vivado v2017.2 (64-bit)
# SW Build 1909853 on Thu Jun 15 18:39:09 MDT 2017
# IP Build 1909766 on Thu Jun 15 19:58:00 MDT 2017
# Start of session at: Thu Aug  1 09:48:16 2019
# Process ID: 8476
# Current directory: C:/Users/lsneler/Desktop/Repository/DCT/combinatoryDCT
# Command line: vivado.exe -gui_launcher_event rodinguilauncherevent7568 C:\Users\lsneler\Desktop\Repository\DCT\combinatoryDCT\DCT.xpr
# Log file: C:/Users/lsneler/Desktop/Repository/DCT/combinatoryDCT/vivado.log
# Journal file: C:/Users/lsneler/Desktop/Repository/DCT/combinatoryDCT\vivado.jou
#-----------------------------------------------------------
start_gui
open_project C:/Users/lsneler/Desktop/Repository/DCT/combinatoryDCT/DCT.xpr
update_compile_order -fileset sources_1
launch_simulation
open_wave_config C:/Users/lsneler/Desktop/Repository/DCT/combinatoryDCT/tb_DCT_behav.wcfg
open_wave_config C:/Users/lsneler/Desktop/Repository/DCT/combinatoryDCT/tb_DCT_behav1.wcfg
open_wave_config C:/Users/lsneler/Desktop/Repository/DCT/combinatoryDCT/tb_DCT_behav2.wcfg
open_wave_config C:/Users/lsneler/Desktop/Repository/DCT/combinatoryDCT/tb_DCT_behav3.wcfg
source tb_DCT_2D.tcl
relaunch_sim
relaunch_sim
save_wave_config {C:/Users/lsneler/Desktop/Repository/DCT/combinatoryDCT/tb_DCT_behav3.wcfg}
save_wave_config {C:/Users/lsneler/Desktop/Repository/DCT/combinatoryDCT/tb_DCT_behav3.wcfg}
relaunch_sim
relaunch_sim
save_wave_config {C:/Users/lsneler/Desktop/Repository/DCT/combinatoryDCT/tb_DCT_behav3.wcfg}
relaunch_sim
save_wave_config {C:/Users/lsneler/Desktop/Repository/DCT/combinatoryDCT/tb_DCT_behav3.wcfg}
# Disabling source management mode.  This is to allow the top design properties to be set without GUI intervention.
set_property source_mgmt_mode None [current_project]
set_property top tb_DCT [get_filesets sim_1]
set_property top_lib xil_defaultlib [get_filesets sim_1]
# Re-enabling previously disabled source management mode.
set_property source_mgmt_mode All [current_project]
update_compile_order -fileset sim_1
relaunch_sim
relaunch_sim
close_sim
launch_simulation
open_wave_config C:/Users/lsneler/Desktop/Repository/DCT/combinatoryDCT/tb_DCT_behav.wcfg
open_wave_config C:/Users/lsneler/Desktop/Repository/DCT/combinatoryDCT/tb_DCT_behav1.wcfg
open_wave_config C:/Users/lsneler/Desktop/Repository/DCT/combinatoryDCT/tb_DCT_behav2.wcfg
open_wave_config C:/Users/lsneler/Desktop/Repository/DCT/combinatoryDCT/tb_DCT_behav3.wcfg
source tb_DCT.tcl
save_wave_config {C:/Users/lsneler/Desktop/Repository/DCT/combinatoryDCT/tb_DCT_behav3.wcfg}
close_sim
launch_simulation
source tb_DCT.tcl
# Disabling source management mode.  This is to allow the top design properties to be set without GUI intervention.
set_property source_mgmt_mode None [current_project]
set_property top tb_DCT_2D [get_filesets sim_1]
set_property top_lib xil_defaultlib [get_filesets sim_1]
# Re-enabling previously disabled source management mode.
set_property source_mgmt_mode All [current_project]
update_compile_order -fileset sim_1
launch_simulation
close_sim
launch_simulation
source tb_DCT_2D.tcl
save_wave_config {C:/Users/lsneler/Desktop/Repository/DCT/combinatoryDCT/tb_DCT_2D_behav.wcfg}
add_files -fileset sim_1 -norecurse C:/Users/lsneler/Desktop/Repository/DCT/combinatoryDCT/tb_DCT_2D_behav.wcfg
set_property xsim.view {C:/Users/lsneler/Desktop/Repository/DCT/combinatoryDCT/tb_DCT_behav.wcfg C:/Users/lsneler/Desktop/Repository/DCT/combinatoryDCT/tb_DCT_behav.wcfg C:/Users/lsneler/Desktop/Repository/DCT/combinatoryDCT/tb_DCT_behav1.wcfg C:/Users/lsneler/Desktop/Repository/DCT/combinatoryDCT/tb_DCT_behav2.wcfg C:/Users/lsneler/Desktop/Repository/DCT/combinatoryDCT/tb_DCT_behav3.wcfg C:/Users/lsneler/Desktop/Repository/DCT/combinatoryDCT/tb_DCT_2D_behav.wcfg} [get_filesets sim_1]
relaunch_sim
relaunch_sim
save_wave_config {C:/Users/lsneler/Desktop/Repository/DCT/combinatoryDCT/tb_DCT_2D_behav.wcfg}
save_wave_config {C:/Users/lsneler/Desktop/Repository/DCT/combinatoryDCT/tb_DCT_2D_behav.wcfg}
save_wave_config {C:/Users/lsneler/Desktop/Repository/DCT/combinatoryDCT/tb_DCT_2D_behav.wcfg}
relaunch_sim
relaunch_sim
relaunch_sim
relaunch_sim
relaunch_sim
relaunch_sim
relaunch_sim
relaunch_sim
relaunch_sim
save_wave_config {C:/Users/lsneler/Desktop/Repository/DCT/combinatoryDCT/tb_DCT_2D_behav.wcfg}
relaunch_sim
save_wave_config {C:/Users/lsneler/Desktop/Repository/DCT/combinatoryDCT/tb_DCT_2D_behav.wcfg}
set_property SOURCE_SET sources_1 [get_filesets sim_1]
close [ open C:/Users/lsneler/Desktop/Repository/DCT/combinatoryDCT/DCT.srcs/sim_1/new/tb_DCT_2D_BRAM.v w ]
add_files -fileset sim_1 C:/Users/lsneler/Desktop/Repository/DCT/combinatoryDCT/DCT.srcs/sim_1/new/tb_DCT_2D_BRAM.v
update_compile_order -fileset sim_1
# Disabling source management mode.  This is to allow the top design properties to be set without GUI intervention.
set_property source_mgmt_mode None [current_project]
set_property top tb_DCT_2D_BRAM [get_filesets sim_1]
set_property top_lib xil_defaultlib [get_filesets sim_1]
# Re-enabling previously disabled source management mode.
set_property source_mgmt_mode All [current_project]
update_compile_order -fileset sim_1
relaunch_sim
close_sim
launch_simulation
launch_simulation
open_wave_config C:/Users/lsneler/Desktop/Repository/DCT/combinatoryDCT/tb_DCT_2D_behav.wcfg
source tb_DCT_2D_BRAM.tcl
save_wave_config {C:/Users/lsneler/Desktop/Repository/DCT/combinatoryDCT/tb_DCT_2D_behav.wcfg}
relaunch_sim
save_wave_config {C:/Users/lsneler/Desktop/Repository/DCT/combinatoryDCT/tb_DCT_2D_behav.wcfg}
report_ip_status -name ip_status 
ipx::package_project -root_dir c:/users/lsneler/desktop/repository/dct/combinatorydct -vendor domain.local -library user -taxonomy /UserIP
set_property display_name DCT_2D [ipx::current_core]
set_property description DCT_2D [ipx::current_core]
set_property display_name DCT_2d [ipx::current_core]
set_property description DCT_2d [ipx::current_core]
set_property display_name DCT_2D [ipx::current_core]
set_property description DCT_2D [ipx::current_core]
set_property core_revision 2 [ipx::current_core]
ipx::create_xgui_files [ipx::current_core]
ipx::update_checksums [ipx::current_core]
ipx::save_core [ipx::current_core]
set_property  ip_repo_paths  c:/users/lsneler/desktop/repository/dct/combinatorydct [current_project]
update_ip_catalog
set_property core_revision 3 [ipx::current_core]
ipx::create_xgui_files [ipx::current_core]
ipx::update_checksums [ipx::current_core]
ipx::save_core [ipx::current_core]
update_ip_catalog -rebuild -repo_path c:/users/lsneler/desktop/repository/dct/combinatorydct
close_sim
