#-----------------------------------------------------------
# Vivado v2017.2 (64-bit)
# SW Build 1909853 on Thu Jun 15 18:39:09 MDT 2017
# IP Build 1909766 on Thu Jun 15 19:58:00 MDT 2017
# Start of session at: Thu Aug  1 11:19:08 2019
# Process ID: 1656
# Current directory: C:/Users/lsneler/Desktop/Repository/JPEG_conversion/combinatoryDCT
# Command line: vivado.exe -gui_launcher_event rodinguilauncherevent1488 C:\Users\lsneler\Desktop\Repository\JPEG_conversion\combinatoryDCT\DCT.xpr
# Log file: C:/Users/lsneler/Desktop/Repository/JPEG_conversion/combinatoryDCT/vivado.log
# Journal file: C:/Users/lsneler/Desktop/Repository/JPEG_conversion/combinatoryDCT\vivado.jou
#-----------------------------------------------------------
start_gui
open_project C:/Users/lsneler/Desktop/Repository/JPEG_conversion/combinatoryDCT/DCT.xpr
update_compile_order -fileset sources_1
ipx::package_project -root_dir c:/users/lsneler/desktop/repository -vendor domain.local -library user -taxonomy /UserIP
set_property display_name DCT_2D [ipx::current_core]
set_property description DCT_2D [ipx::current_core]
