#-----------------------------------------------------------
# Vivado v2017.2 (64-bit)
# SW Build 1909853 on Thu Jun 15 18:39:09 MDT 2017
# IP Build 1909766 on Thu Jun 15 19:58:00 MDT 2017
# Start of session at: Tue Jul 30 13:05:58 2019
# Process ID: 4988
# Current directory: C:/Users/lsneler/Desktop/Repository/DCT/combinatoryDCT
# Command line: vivado.exe -gui_launcher_event rodinguilauncherevent3760 C:\Users\lsneler\Desktop\Repository\DCT\combinatoryDCT\DCT.xpr
# Log file: C:/Users/lsneler/Desktop/Repository/DCT/combinatoryDCT/vivado.log
# Journal file: C:/Users/lsneler/Desktop/Repository/DCT/combinatoryDCT\vivado.jou
#-----------------------------------------------------------
start_gui
open_project C:/Users/lsneler/Desktop/Repository/DCT/combinatoryDCT/DCT.xpr
update_compile_order -fileset sources_1
launch_simulation
open_wave_config C:/Users/lsneler/Desktop/Repository/DCT/combinatoryDCT/tb_DCT_behav.wcfg
open_wave_config C:/Users/lsneler/Desktop/Repository/DCT/combinatoryDCT/tb_DCT_behav1.wcfg
open_wave_config C:/Users/lsneler/Desktop/Repository/DCT/combinatoryDCT/tb_DCT_behav2.wcfg
source tb_DCT.tcl
relaunch_sim
