#-----------------------------------------------------------
# Vivado v2017.2 (64-bit)
# SW Build 1909853 on Thu Jun 15 18:39:09 MDT 2017
# IP Build 1909766 on Thu Jun 15 19:58:00 MDT 2017
# Start of session at: Mon Aug 19 14:15:25 2019
# Process ID: 3148
# Current directory: C:/Users/lsneler/Desktop/Repo/JPEG_conv/exemp_proj/AxiLite3
# Command line: vivado.exe -gui_launcher_event rodinguilauncherevent5660 C:\Users\lsneler\Desktop\Repo\JPEG_conv\exemp_proj\AxiLite3\AxiLiteZynqBRAMDemo.xpr
# Log file: C:/Users/lsneler/Desktop/Repo/JPEG_conv/exemp_proj/AxiLite3/vivado.log
# Journal file: C:/Users/lsneler/Desktop/Repo/JPEG_conv/exemp_proj/AxiLite3\vivado.jou
#-----------------------------------------------------------
start_gui
open_project C:/Users/lsneler/Desktop/Repo/JPEG_conv/exemp_proj/AxiLite3/AxiLiteZynqBRAMDemo.xpr
update_compile_order -fileset sources_1
open_bd_design {C:/Users/lsneler/Desktop/Repo/JPEG_conv/exemp_proj/AxiLite3/AxiLiteZynqBRAMDemo.srcs/sources_1/bd/design_1/design_1.bd}
file copy -force C:/Users/lsneler/Desktop/Repo/JPEG_conv/exemp_proj/AxiLite3/AxiLiteZynqBRAMDemo.runs/impl_1/design_1_wrapper.sysdef C:/Users/lsneler/Desktop/Repo/JPEG_conv/exemp_proj/AxiLite3/AxiLiteZynqBRAMDemo.sdk/design_1_wrapper.hdf

launch_sdk -workspace C:/Users/lsneler/Desktop/Repo/JPEG_conv/exemp_proj/AxiLite3/AxiLiteZynqBRAMDemo.sdk -hwspec C:/Users/lsneler/Desktop/Repo/JPEG_conv/exemp_proj/AxiLite3/AxiLiteZynqBRAMDemo.sdk/design_1_wrapper.hdf
open_hw
connect_hw_server
open_hw_target
set_property PROGRAM.FILE {C:/Users/lsneler/Desktop/Repo/JPEG_conv/exemp_proj/AxiLite3/AxiLiteZynqBRAMDemo.runs/impl_1/design_1_wrapper.bit} [get_hw_devices xc7z010_1]
set_property PROBES.FILE {C:/Users/lsneler/Desktop/Repo/JPEG_conv/exemp_proj/AxiLite3/AxiLiteZynqBRAMDemo.runs/impl_1/design_1_wrapper.ltx} [get_hw_devices xc7z010_1]
set_property FULL_PROBES.FILE {C:/Users/lsneler/Desktop/Repo/JPEG_conv/exemp_proj/AxiLite3/AxiLiteZynqBRAMDemo.runs/impl_1/design_1_wrapper.ltx} [get_hw_devices xc7z010_1]
current_hw_device [get_hw_devices xc7z010_1]
refresh_hw_device [lindex [get_hw_devices xc7z010_1] 0]
set_property PROBES.FILE {C:/Users/lsneler/Desktop/Repo/JPEG_conv/exemp_proj/AxiLite3/AxiLiteZynqBRAMDemo.runs/impl_1/design_1_wrapper.ltx} [get_hw_devices xc7z010_1]
set_property FULL_PROBES.FILE {C:/Users/lsneler/Desktop/Repo/JPEG_conv/exemp_proj/AxiLite3/AxiLiteZynqBRAMDemo.runs/impl_1/design_1_wrapper.ltx} [get_hw_devices xc7z010_1]
set_property PROGRAM.FILE {C:/Users/lsneler/Desktop/Repo/JPEG_conv/exemp_proj/AxiLite3/AxiLiteZynqBRAMDemo.runs/impl_1/design_1_wrapper.bit} [get_hw_devices xc7z010_1]
program_hw_devices [get_hw_devices xc7z010_1]
refresh_hw_device [lindex [get_hw_devices xc7z010_1] 0]
open_bd_design {C:/Users/lsneler/Desktop/Repo/JPEG_conv/exemp_proj/AxiLite3/AxiLiteZynqBRAMDemo.srcs/sources_1/bd/design_1/design_1.bd}
