#-----------------------------------------------------------
# Vivado v2017.2 (64-bit)
# SW Build 1909853 on Thu Jun 15 18:39:09 MDT 2017
# IP Build 1909766 on Thu Jun 15 19:58:00 MDT 2017
# Start of session at: Tue Aug 13 11:18:37 2019
# Process ID: 7988
# Current directory: C:/Users/lsneler/Desktop/Repository/JPEG_conversion/combinatoryDCT
# Command line: vivado.exe -gui_launcher_event rodinguilauncherevent8024 C:\Users\lsneler\Desktop\Repository\JPEG_conversion\combinatoryDCT\DCT.xpr
# Log file: C:/Users/lsneler/Desktop/Repository/JPEG_conversion/combinatoryDCT/vivado.log
# Journal file: C:/Users/lsneler/Desktop/Repository/JPEG_conversion/combinatoryDCT\vivado.jou
#-----------------------------------------------------------
start_gui
open_project C:/Users/lsneler/Desktop/Repository/JPEG_conversion/combinatoryDCT/DCT.xpr
update_compile_order -fileset sources_1
launch_simulation
open_wave_config C:/Users/lsneler/Desktop/Repository/JPEG_conversion/combinatoryDCT/tb_DCT_2D_behav.wcfg
source tb_DCT_2D_BRAM.tcl
relaunch_sim
relaunch_sim
save_wave_config {C:/Users/lsneler/Desktop/Repository/JPEG_conversion/combinatoryDCT/tb_DCT_2D_behav.wcfg}
relaunch_sim
relaunch_sim
relaunch_sim
relaunch_sim
ipx::package_project -root_dir C:/Users/lsneler/Desktop/Repository/JPEG_conversion/IP_Core_repo/DCT -vendor domain.local -library user -taxonomy /UserIP -import_files -set_current false -force
ipx::unload_core c:/Users/lsneler/Desktop/Repository/JPEG_conversion/IP_Core_repo/DCT/component.xml
ipx::edit_ip_in_project -upgrade true -name tmp_edit_project -directory C:/Users/lsneler/Desktop/Repository/JPEG_conversion/IP_Core_repo/DCT c:/Users/lsneler/Desktop/Repository/JPEG_conversion/IP_Core_repo/DCT/component.xml
update_compile_order -fileset sources_1
set_property display_name DCT_2D [ipx::current_core]
set_property description DCT_2D [ipx::current_core]
set_property core_revision 2 [ipx::current_core]
ipx::create_xgui_files [ipx::current_core]
ipx::update_checksums [ipx::current_core]
ipx::save_core [ipx::current_core]
close_project -delete
update_ip_catalog -rebuild -repo_path c:/Users/lsneler/Desktop/Repository/JPEG_conversion/IP_Core_repo/DCT
close_sim
