20:56:05 **** Incremental Build of configuration Debug for project AXIBramInterface ****
make pre-build main-build 
a9-linaro-pre-build-step
' '
'Building target: AXIBramInterface.elf'
'Invoking: ARM v7 gcc linker'
arm-none-eabi-gcc -mcpu=cortex-a9 -mfpu=vfpv3 -mfloat-abi=hard -Wl,-build-id=none -specs=Xilinx.spec -Wl,-T -Wl,../src/lscript.ld -L../../AXIBramInterface_bsp/ps7_cortexa9_0/lib -o "AXIBramInterface.elf"  ./src/helloworld.o ./src/platform.o   -Wl,--start-group,-lxil,-lgcc,-lc,--end-group
'Finished building target: AXIBramInterface.elf'
' '
'Invoking: ARM v7 Print Size'
arm-none-eabi-size AXIBramInterface.elf  |tee "AXIBramInterface.elf.size"
   text	   data	    bss	    dec	    hex	filename
  76140	   2580	  23328	 102048	  18ea0	AXIBramInterface.elf
'Finished building: AXIBramInterface.elf.size'
' '

20:56:07 Build Finished (took 1s.675ms)

