#-----------------------------------------------------------
# Vivado v2017.2 (64-bit)
# SW Build 1909853 on Thu Jun 15 18:39:09 MDT 2017
# IP Build 1909766 on Thu Jun 15 19:58:00 MDT 2017
# Start of session at: Fri Aug 23 13:33:21 2019
# Process ID: 7248
# Current directory: C:/Users/lsneler/Desktop/Repo/JPEG_conv/component_modules/zig_zag
# Command line: vivado.exe -gui_launcher_event rodinguilauncherevent5116 C:\Users\lsneler\Desktop\Repo\JPEG_conv\component_modules\zig_zag\zig_zag.xpr
# Log file: C:/Users/lsneler/Desktop/Repo/JPEG_conv/component_modules/zig_zag/vivado.log
# Journal file: C:/Users/lsneler/Desktop/Repo/JPEG_conv/component_modules/zig_zag\vivado.jou
#-----------------------------------------------------------
start_gui
open_project C:/Users/lsneler/Desktop/Repo/JPEG_conv/component_modules/zig_zag/zig_zag.xpr
update_compile_order -fileset sources_1
ipx::package_project -root_dir C:/Users/lsneler/Desktop/Repo/JPEG_conv/IP_Core_repo/zig_zag -vendor domain.local -library user -taxonomy /UserIP -import_files -set_current false -force
ipx::unload_core c:/Users/lsneler/Desktop/Repo/JPEG_conv/IP_Core_repo/zig_zag/component.xml
ipx::edit_ip_in_project -upgrade true -name tmp_edit_project -directory C:/Users/lsneler/Desktop/Repo/JPEG_conv/IP_Core_repo/zig_zag c:/Users/lsneler/Desktop/Repo/JPEG_conv/IP_Core_repo/zig_zag/component.xml
update_compile_order -fileset sources_1
set_property display_name zig_zag [ipx::current_core]
set_property description zig_zag [ipx::current_core]
set_property core_revision 2 [ipx::current_core]
ipx::create_xgui_files [ipx::current_core]
ipx::update_checksums [ipx::current_core]
ipx::save_core [ipx::current_core]
close_project -delete
update_ip_catalog -rebuild -repo_path c:/Users/lsneler/Desktop/Repo/JPEG_conv/IP_Core_repo/zig_zag
