#-----------------------------------------------------------
# Vivado v2017.2 (64-bit)
# SW Build 1909853 on Thu Jun 15 18:39:09 MDT 2017
# IP Build 1909766 on Thu Jun 15 19:58:00 MDT 2017
# Start of session at: Wed Aug  7 12:42:05 2019
# Process ID: 1280
# Current directory: C:/Users/lsneler/Desktop/Repository/JPEG_conversion/raw2jpeg
# Command line: vivado.exe -gui_launcher_event rodinguilauncherevent4312 C:\Users\lsneler\Desktop\Repository\JPEG_conversion\raw2jpeg\raw2jpeg.xpr
# Log file: C:/Users/lsneler/Desktop/Repository/JPEG_conversion/raw2jpeg/vivado.log
# Journal file: C:/Users/lsneler/Desktop/Repository/JPEG_conversion/raw2jpeg\vivado.jou
#-----------------------------------------------------------
start_gui
open_project C:/Users/lsneler/Desktop/Repository/JPEG_conversion/raw2jpeg/raw2jpeg.xpr
update_compile_order -fileset sources_1
upgrade_ip -vlnv domain.local:user:DCT_2D:1.0 [get_ips  DCT_2D_0] -log ip_upgrade.log
export_ip_user_files -of_objects [get_ips DCT_2D_0] -no_script -sync -force -quiet
generate_target all [get_files  C:/Users/lsneler/Desktop/Repository/JPEG_conversion/raw2jpeg/raw2jpeg.srcs/sources_1/ip/DCT_2D_0/DCT_2D_0.xci]
catch { config_ip_cache -export [get_ips -all DCT_2D_0] }
export_ip_user_files -of_objects [get_files C:/Users/lsneler/Desktop/Repository/JPEG_conversion/raw2jpeg/raw2jpeg.srcs/sources_1/ip/DCT_2D_0/DCT_2D_0.xci] -no_script -sync -force -quiet
create_ip_run [get_files -of_objects [get_fileset sources_1] C:/Users/lsneler/Desktop/Repository/JPEG_conversion/raw2jpeg/raw2jpeg.srcs/sources_1/ip/DCT_2D_0/DCT_2D_0.xci]
launch_runs -jobs 4 DCT_2D_0_synth_1
export_simulation -of_objects [get_files C:/Users/lsneler/Desktop/Repository/JPEG_conversion/raw2jpeg/raw2jpeg.srcs/sources_1/ip/DCT_2D_0/DCT_2D_0.xci] -directory C:/Users/lsneler/Desktop/Repository/JPEG_conversion/raw2jpeg/raw2jpeg.ip_user_files/sim_scripts -ip_user_files_dir C:/Users/lsneler/Desktop/Repository/JPEG_conversion/raw2jpeg/raw2jpeg.ip_user_files -ipstatic_source_dir C:/Users/lsneler/Desktop/Repository/JPEG_conversion/raw2jpeg/raw2jpeg.ip_user_files/ipstatic -lib_map_path [list {modelsim=C:/Users/lsneler/Desktop/Repository/JPEG_conversion/raw2jpeg/raw2jpeg.cache/compile_simlib/modelsim} {questa=C:/Users/lsneler/Desktop/Repository/JPEG_conversion/raw2jpeg/raw2jpeg.cache/compile_simlib/questa} {riviera=C:/Users/lsneler/Desktop/Repository/JPEG_conversion/raw2jpeg/raw2jpeg.cache/compile_simlib/riviera} {activehdl=C:/Users/lsneler/Desktop/Repository/JPEG_conversion/raw2jpeg/raw2jpeg.cache/compile_simlib/activehdl}] -use_ip_compiled_libs -force -quiet
open_bd_design {C:/Users/lsneler/Desktop/Repository/JPEG_conversion/raw2jpeg/raw2jpeg.srcs/sources_1/bd/converter/converter.bd}
report_ip_status -name ip_status 
upgrade_ip -vlnv domain.local:user:DCT_2D:1.0 [get_ips  converter_DCT_2D_0_0] -log ip_upgrade.log
export_ip_user_files -of_objects [get_ips converter_DCT_2D_0_0] -no_script -sync -force -quiet
generate_target all [get_files  C:/Users/lsneler/Desktop/Repository/JPEG_conversion/raw2jpeg/raw2jpeg.srcs/sources_1/bd/converter/converter.bd]
report_ip_status -name ip_status 
create_bd_cell -type ip -vlnv domain.local:user:quant:1.0 quant_0
set_property location {3.5 569 -443} [get_bd_cells quant_0]
connect_bd_net [get_bd_pins DCT_2D_0/pixel_out] [get_bd_pins quant_0/pixel_in]
connect_bd_net [get_bd_pins clk_wiz_0/clk_out1] [get_bd_pins DCT_2D_0/clk]
connect_bd_net [get_bd_pins quant_0/clk] [get_bd_pins clk_wiz_0/clk_out1]
report_ip_status -name ip_status 
connect_bd_net [get_bd_pins blk_mem_gen_0/clka] [get_bd_pins clk_wiz_0/clk_out1]
set_property location {4 571 -395} [get_bd_cells quant_0]
set_property location {4 567 -399} [get_bd_cells quant_0]
set_property location {2.5 39 -442} [get_bd_cells DCT_2D_0]
set_property location {4 316 -406} [get_bd_cells quant_0]
set_property location {4 279 -390} [get_bd_cells quant_0]
set_property screensize {202 170} [get_bd_cells quant_0]
regenerate_bd_layout
save_bd_design
startgroup
set_property -dict [list CONFIG.Enable_A {Use_ENA_Pin} CONFIG.Use_RSTA_Pin {true}] [get_bd_cells blk_mem_gen_0]
endgroup
connect_bd_net [get_bd_pins blk_mem_gen_0/ena] [get_bd_pins DCT_2D_0/ce]
connect_bd_net [get_bd_pins blk_mem_gen_0/rsta] [get_bd_pins DCT_2D_0/rst]
connect_bd_net [get_bd_pins quant_0/rst] [get_bd_pins blk_mem_gen_0/rsta]
connect_bd_net [get_bd_pins quant_0/ce] [get_bd_pins blk_mem_gen_0/ena]
regenerate_bd_layout
update_ip_catalog -rebuild
startgroup
create_bd_cell -type ip -vlnv domain.local:user:controller:1.0 controller_0
endgroup
report_ip_status -name ip_status 
set_property location {2 282 1} [get_bd_cells controller_0]
connect_bd_net [get_bd_pins controller_0/clk] [get_bd_pins clk_wiz_0/clk_out1]
connect_bd_net [get_bd_pins controller_0/ce] [get_bd_pins DCT_2D_0/ce]
connect_bd_net [get_bd_pins controller_0/rst] [get_bd_pins DCT_2D_0/rst]
connect_bd_net [get_bd_pins controller_0/addr_input] [get_bd_pins blk_mem_gen_0/addra]
connect_bd_net [get_bd_pins controller_0/addr_quant] [get_bd_pins quant_0/addr]
regenerate_bd_layout
save_bd_design
file mkdir C:/Users/lsneler/Desktop/Repository/JPEG_conversion/raw2jpeg/raw2jpeg.srcs/sim_1/new
set_property SOURCE_SET sources_1 [get_filesets sim_1]
close [ open C:/Users/lsneler/Desktop/Repository/JPEG_conversion/raw2jpeg/raw2jpeg.srcs/sim_1/new/tb_raw2jpeg.v w ]
add_files -fileset sim_1 C:/Users/lsneler/Desktop/Repository/JPEG_conversion/raw2jpeg/raw2jpeg.srcs/sim_1/new/tb_raw2jpeg.v
