#-----------------------------------------------------------
# Vivado v2017.2 (64-bit)
# SW Build 1909853 on Thu Jun 15 18:39:09 MDT 2017
# IP Build 1909766 on Thu Jun 15 19:58:00 MDT 2017
# Start of session at: Tue Aug 20 11:40:51 2019
# Process ID: 4160
# Current directory: C:/Users/lsneler/Desktop/Repo/JPEG_conv/component_modules/RLE
# Command line: vivado.exe -gui_launcher_event rodinguilauncherevent4756 C:\Users\lsneler\Desktop\Repo\JPEG_conv\component_modules\RLE\RLE.xpr
# Log file: C:/Users/lsneler/Desktop/Repo/JPEG_conv/component_modules/RLE/vivado.log
# Journal file: C:/Users/lsneler/Desktop/Repo/JPEG_conv/component_modules/RLE\vivado.jou
#-----------------------------------------------------------
start_gui
open_project C:/Users/lsneler/Desktop/Repo/JPEG_conv/component_modules/RLE/RLE.xpr
update_compile_order -fileset sources_1
launch_simulation
source tb_RLE.tcl
save_wave_config {C:/Users/lsneler/Desktop/Repo/JPEG_conv/component_modules/RLE/tb_RLE_behav.wcfg}
add_files -fileset sim_1 -norecurse C:/Users/lsneler/Desktop/Repo/JPEG_conv/component_modules/RLE/tb_RLE_behav.wcfg
set_property xsim.view C:/Users/lsneler/Desktop/Repo/JPEG_conv/component_modules/RLE/tb_RLE_behav.wcfg [get_filesets sim_1]
relaunch_sim
close_sim
